 running on   24 nodes
 distr:  one band on   24 nodes,    1 groups
 vasp.5.2.11 01Dec10 complex 
 POSCAR found :  3 types and      36 ions
 scaLAPACK will be used
 LDA part: xc-table for Pade appr. of Perdew
 POSCAR, INCAR and KPOINTS ok, starting setup
 FFT: planning ...(           16 )
 WAVECAR not read
 WARNING: chargedensity file is incomplete
 entering main loop
       N       E                     dE             d eps       ncg     rms          rms(c)
DAV:   1     0.612527613238E+04    0.61253E+04   -0.17960E+05  9488   0.184E+03
  WARNING: DENTET: can't reach specified precision
  Number of Electrons is NELECT =    387.9719070157068     
DAV:   2     0.761387024822E+03   -0.53639E+04   -0.50003E+04  9184   0.574E+02
  WARNING: DENTET: can't reach specified precision
  Number of Electrons is NELECT =    387.9711956017164     
DAV:   3    -0.164830441886E+03   -0.92622E+03   -0.78577E+03  9343   0.245E+02
DAV:   4    -0.292394431719E+03   -0.12756E+03   -0.12171E+03 14896   0.841E+01
DAV:   5    -0.299302662765E+03   -0.69082E+01   -0.68257E+01 14912   0.199E+01    0.758E+01
  WARNING: DENTET: can't reach specified precision
  Number of Electrons is NELECT =    387.9787345186289     
RMM:   6    -0.363067036636E+03   -0.63764E+02   -0.59563E+02  9476   0.740E+01    0.846E+01
RMM:   7    -0.654980766240E+03   -0.29191E+03   -0.41049E+02  9801   0.547E+01    0.176E+02
RMM:   8    -0.231994231445E+04   -0.16650E+04   -0.76780E+03 11305   0.290E+02    0.241E+02
RMM:   9    -0.309367705191E+04   -0.77373E+03   -0.21566E+04 13476   0.388E+02    0.235E+02
RMM:  10    -0.217383138115E+04    0.91985E+03   -0.17471E+04 12825   0.537E+02    0.234E+02
  WARNING: DENTET: can't reach specified precision
  Number of Electrons is NELECT =    388.0181474543751     
RMM:  11    -0.256711439764E+04   -0.39328E+03   -0.17796E+04 13460   0.392E+02    0.211E+02
RMM:  12    -0.191440188043E+04    0.65271E+03   -0.17965E+04 13851   0.517E+02    0.199E+02
RMM:  13    -0.217425822286E+04   -0.25986E+03   -0.13722E+04 13552   0.340E+02    0.223E+02
RMM:  14    -0.180343485776E+04    0.37082E+03   -0.20459E+04 14136   0.578E+02    0.187E+02
RMM:  15    -0.149043125784E+04    0.31300E+03   -0.12006E+04 13499   0.306E+02    0.182E+02
RMM:  16    -0.140055221810E+04    0.89879E+02   -0.17386E+04 13973   0.488E+02    0.155E+02
RMM:  17    -0.110723883515E+04    0.29331E+03   -0.10525E+04 13121   0.313E+02    0.175E+02
RMM:  18    -0.153168244355E+04   -0.42444E+03   -0.12581E+04 13905   0.388E+02    0.181E+02
RMM:  19    -0.116838003638E+04    0.36330E+03   -0.13585E+04 13621   0.360E+02    0.170E+02
RMM:  20    -0.101266077801E+04    0.15572E+03   -0.96200E+03 13548   0.311E+02    0.181E+02
RMM:  21    -0.344674281918E+03    0.66799E+03   -0.12728E+04 13874   0.417E+02    0.117E+02
RMM:  22    -0.103400249943E+04   -0.68933E+03   -0.11126E+04 13526   0.274E+02    0.170E+02
RMM:  23    -0.142874369498E+04   -0.39474E+03   -0.17715E+04 13787   0.424E+02    0.151E+02
RMM:  24    -0.877716040876E+03    0.55103E+03   -0.10590E+04 13448   0.290E+02    0.149E+02
  WARNING: DENTET: can't reach specified precision
  Number of Electrons is NELECT =    388.0125975323629     
RMM:  25    -0.967590248100E+03   -0.89874E+02   -0.11008E+04 13466   0.279E+02    0.129E+02
RMM:  26    -0.737033748314E+03    0.23056E+03   -0.10880E+04 13657   0.336E+02    0.138E+02
RMM:  27    -0.184417495513E+04   -0.11071E+04   -0.13923E+04 13290   0.326E+02    0.209E+02
RMM:  28    -0.175010106216E+04    0.94074E+02   -0.17441E+04 13642   0.514E+02    0.154E+02
RMM:  29    -0.690377899263E+02    0.16811E+04   -0.85661E+03 13552   0.386E+02    0.668E+01
RMM:  30    -0.582814331983E+03   -0.51378E+03   -0.59180E+03 13167   0.194E+02    0.123E+02
RMM:  31    -0.164609592957E+04   -0.10633E+04   -0.10695E+04 13534   0.296E+02    0.199E+02
  WARNING: DENTET: can't reach specified precision
  Number of Electrons is NELECT =    388.0282405745139     
RMM:  32    -0.219095954054E+04   -0.54486E+03   -0.18463E+04 14073   0.473E+02    0.185E+02
RMM:  33    -0.914738085456E+03    0.12762E+04   -0.10117E+04 13113   0.463E+02    0.134E+02
RMM:  34    -0.106180029456E+04   -0.14706E+03   -0.10231E+04 13425   0.282E+02    0.153E+02
RMM:  35    -0.155203830958E+04   -0.49024E+03   -0.11946E+04 13432   0.314E+02    0.194E+02
RMM:  36    -0.103795469746E+04    0.51408E+03   -0.19907E+04 13645   0.501E+02    0.115E+02
RMM:  37    -0.259392485375E+03    0.77856E+03   -0.12010E+04 13870   0.310E+02    0.982E+01
RMM:  38    -0.166582044489E+03    0.92810E+02   -0.53049E+03 12631   0.300E+02    0.133E+02
RMM:  39    -0.912640592832E+03   -0.74606E+03   -0.83815E+03 13477   0.425E+02    0.178E+02
RMM:  40    -0.568804155655E+01    0.90695E+03   -0.82119E+03 13774   0.404E+02    0.125E+02
RMM:  41     0.188274587183E+02    0.24516E+02   -0.68523E+03 12713   0.351E+02    0.106E+02
  WARNING: DENTET: can't reach specified precision
  Number of Electrons is NELECT =    388.0013298783054     
RMM:  42    -0.930313607014E+03   -0.94914E+03   -0.10516E+04 12697   0.380E+02    0.172E+02
RMM:  43    -0.148358988398E+04   -0.55328E+03   -0.14978E+04 14008   0.502E+02    0.210E+02
RMM:  44    -0.101714055100E+04    0.46645E+03   -0.10414E+04 13735   0.418E+02    0.211E+02
RMM:  45     0.387877303201E+03    0.14050E+04   -0.86022E+03 13558   0.524E+02    0.963E+01
RMM:  46    -0.510815315825E+03   -0.89869E+03   -0.12619E+04 13228   0.322E+02    0.115E+02
RMM:  47    -0.411347336811E+03    0.99468E+02   -0.40235E+03 12535   0.276E+02    0.119E+02
RMM:  48    -0.827835371363E+03   -0.41649E+03   -0.10827E+04 14370   0.375E+02    0.142E+02
RMM:  49    -0.103459926380E+04   -0.20676E+03   -0.72308E+03 13439   0.245E+02    0.161E+02
RMM:  50    -0.188416101989E+04   -0.84956E+03   -0.11729E+04 13960   0.288E+02    0.191E+02
RMM:  51    -0.193244945478E+04   -0.48288E+02   -0.11598E+04 13411   0.314E+02    0.210E+02
RMM:  52    -0.239755993161E+04   -0.46511E+03   -0.18078E+04 13779   0.493E+02    0.233E+02
  WARNING: DENTET: can't reach specified precision
  Number of Electrons is NELECT =    388.0088694177590     
RMM:  53    -0.242256817574E+04   -0.25008E+02   -0.14562E+04 13053   0.441E+02    0.230E+02
RMM:  54    -0.162236676124E+04    0.80020E+03   -0.17025E+04 13737   0.574E+02    0.202E+02
  WARNING: DENTET: can't reach specified precision
  Number of Electrons is NELECT =    387.9982933881371     
RMM:  55    -0.156589941006E+04    0.56467E+02   -0.15703E+04 13697   0.445E+02    0.204E+02
RMM:  56    -0.108515826260E+04    0.48074E+03   -0.15335E+04 13622   0.515E+02    0.137E+02
RMM:  57    -0.311396534668E+03    0.77376E+03   -0.90637E+03 13311   0.322E+02    0.742E+01
  WARNING: DENTET: can't reach specified precision
  Number of Electrons is NELECT =    387.9977556138126     
RMM:  58    -0.393141646220E+03   -0.81745E+02   -0.38561E+03 13193   0.160E+02    0.993E+01
  WARNING: DENTET: can't reach specified precision
  Number of Electrons is NELECT =    388.0299926740281     
RMM:  59    -0.107547360687E+04   -0.68233E+03   -0.60320E+03 13522   0.190E+02    0.165E+02
RMM:  60    -0.228071658401E+04   -0.12052E+04   -0.14072E+04 13558   0.296E+02    0.206E+02
RMM:  61    -0.229272281745E+04   -0.12006E+02   -0.18538E+04 13680   0.512E+02    0.192E+02
RMM:  62    -0.167481687571E+04    0.61791E+03   -0.17554E+04 13605   0.441E+02    0.177E+02
RMM:  63    -0.107925890952E+04    0.59556E+03   -0.13910E+04 13462   0.415E+02    0.123E+02
RMM:  64    -0.979136854436E+03    0.10012E+03   -0.10407E+04 13285   0.251E+02    0.135E+02
RMM:  65    -0.380520213180E+03    0.59862E+03   -0.47715E+03 13557   0.231E+02    0.130E+02
RMM:  66    -0.130116291693E+04   -0.92064E+03   -0.11000E+04 13082   0.361E+02    0.183E+02
RMM:  67    -0.166026583927E+04   -0.35910E+03   -0.95176E+03 13182   0.279E+02    0.202E+02
RMM:  68    -0.232347937565E+04   -0.66321E+03   -0.18194E+04 13765   0.459E+02    0.203E+02
  WARNING: DENTET: can't reach specified precision
  Number of Electrons is NELECT =    388.0234176758021     
RMM:  69    -0.160597445899E+04    0.71750E+03   -0.11579E+04 13472   0.372E+02    0.200E+02
RMM:  70    -0.105461868381E+04    0.55136E+03   -0.16039E+04 13853   0.518E+02    0.165E+02
RMM:  71    -0.120701933272E+04   -0.15240E+03   -0.10671E+04 13386   0.291E+02    0.161E+02
RMM:  72    -0.170861131081E+04   -0.50159E+03   -0.14912E+04 13877   0.341E+02    0.169E+02
  WARNING: DENTET: can't reach specified precision
  Number of Electrons is NELECT =    387.9739724864413     
RMM:  73    -0.131182310805E+04    0.39679E+03   -0.92100E+03 13588   0.299E+02    0.174E+02
RMM:  74    -0.651300361511E+03    0.66052E+03   -0.12047E+04 13847   0.398E+02    0.138E+02
RMM:  75    -0.130361012984E+04   -0.65231E+03   -0.11152E+04 13572   0.292E+02    0.179E+02
RMM:  76    -0.121698920349E+04    0.86621E+02   -0.12962E+04 13514   0.388E+02    0.193E+02
RMM:  77    -0.157976348943E+04   -0.36277E+03   -0.14796E+04 13411   0.372E+02    0.192E+02
RMM:  78    -0.969953537893E+02    0.14828E+04   -0.91513E+03 13547   0.366E+02    0.925E+01
RMM:  79    -0.569411395677E+03   -0.47242E+03   -0.11824E+04 13446   0.299E+02    0.114E+02
RMM:  80    -0.101865729188E+04   -0.44925E+03   -0.11037E+04 13428   0.279E+02    0.154E+02
RMM:  81    -0.101528231669E+04    0.33750E+01   -0.11386E+04 13959   0.321E+02    0.139E+02
RMM:  82    -0.152338306819E+04   -0.50810E+03   -0.14081E+04 13522   0.270E+02    0.142E+02
RMM:  83    -0.521946829174E+03    0.10014E+04   -0.48913E+03 13343   0.251E+02    0.138E+02
RMM:  84    -0.988995737743E+03   -0.46705E+03   -0.89896E+03 12681   0.381E+02    0.156E+02
RMM:  85    -0.108791377816E+04   -0.98918E+02   -0.46405E+03 13168   0.178E+02    0.210E+02
RMM:  86    -0.280171580244E+04   -0.17138E+04   -0.14003E+04 12696   0.397E+02    0.240E+02
RMM:  87    -0.139713413459E+04    0.14046E+04   -0.12355E+04 13409   0.356E+02    0.198E+02
RMM:  88     0.114436972980E+03    0.15116E+04   -0.12076E+04 14338   0.542E+02    0.621E+01
  WARNING: DENTET: can't reach specified precision
  Number of Electrons is NELECT =    387.9967070038612     
RMM:  89    -0.664527239404E+03   -0.77896E+03   -0.89226E+03 13948   0.233E+02    0.128E+02
RMM:  90    -0.164609391998E+04   -0.98157E+03   -0.15410E+04 13611   0.331E+02    0.149E+02
RMM:  91    -0.620457627590E+03    0.10256E+04   -0.76822E+03 13406   0.282E+02    0.147E+02
  WARNING: DENTET: can't reach specified precision
  Number of Electrons is NELECT =    387.9700693133343     
RMM:  92    -0.178382215512E+04   -0.11634E+04   -0.19946E+04 14062   0.441E+02    0.153E+02
RMM:  93    -0.878335619342E+03    0.90549E+03   -0.92972E+03 13671   0.287E+02    0.144E+02
RMM:  94    -0.150349844612E+04   -0.62516E+03   -0.11305E+04 12887   0.370E+02    0.196E+02
RMM:  95    -0.244170585486E+04   -0.93821E+03   -0.12691E+04 13322   0.254E+02    0.232E+02
RMM:  96    -0.258072570778E+04   -0.13902E+03   -0.20174E+04 13909   0.547E+02    0.250E+02
RMM:  97    -0.159878614052E+04    0.98194E+03   -0.12190E+04 13402   0.534E+02    0.185E+02
RMM:  98    -0.115142183176E+03    0.14836E+04   -0.10745E+04 13812   0.448E+02    0.615E+01
RMM:  99    -0.441622672716E+03   -0.32648E+03   -0.48552E+03 11669   0.187E+02    0.119E+02
RMM: 100    -0.155329347559E+04   -0.11117E+04   -0.81705E+03 13562   0.228E+02
 soft stop encountered!  aborting job ...
   1 F= -.15532935E+04 E0= -.15532935E+04  d E =-.155329E+04  mag=    -2.2364
 curvature:   0.00 expect dE= 0.000E+00 dE for cont linesearch  0.000E+00
 trial: gam= 0.00000 g(F)=  0.442E+02 g(S)=  0.536E+05 ort = 0.000E+00 (trialstep = 0.100E+01)
 search vector abs. value=  0.536E+05
 writing wavefunctions
 deleting file STOPCAR
Application 3111148 resources: utime ~170223s, stime ~336s
