 running on   24 nodes
 distr:  one band on   24 nodes,    1 groups
 vasp.5.2.11 01Dec10 complex 
 POSCAR found type information on POSCAR  B  O  Zn Tb
 POSCAR found :  4 types and      68 ions
 scaLAPACK will be used
 LDA part: xc-table for Pade appr. of Perdew
 found WAVECAR, reading the header
 WAVECAR: different cutoff or change in lattice found
 POSCAR, INCAR and KPOINTS ok, starting setup
 WARNING: small aliasing (wrap around) errors must be expected
 FFT: planning ...(           16 )
 reading WAVECAR
 the WAVECAR file was read sucessfully
 charge-density read from file: RubyVaspy                               
 magnetization density read from file 1
 entering main loop
       N       E                     dE             d eps       ncg     rms          rms(c)
DAV:   1    -0.526671822392E+03   -0.52667E+03   -0.28132E-01 16576   0.257E+00    0.300E-02
RMM:   2    -0.526667402994E+03    0.44194E-02   -0.47691E-04 16578   0.669E-02    0.170E-02
RMM:   3    -0.526667409119E+03   -0.61248E-05   -0.96231E-06 12818   0.955E-03    0.754E-03
RMM:   4    -0.526667411639E+03   -0.25198E-05   -0.15190E-06 10390   0.504E-03    0.715E-04
RMM:   5    -0.526667411690E+03   -0.50542E-07   -0.22181E-07  9936   0.174E-03
   1 F= -.52666741E+03 E0= -.52666741E+03  d E =-.526667E+03  mag=     0.0000
 BRION: g(F)=  0.402E-04 g(S)=  0.815E-05
 bond charge predicted
       N       E                     dE             d eps       ncg     rms          rms(c)
DAV:   1    -0.526667418477E+03   -0.68384E-05   -0.69463E-03 16784   0.196E-01    0.255E-02
RMM:   2    -0.526667428541E+03   -0.10064E-04   -0.22781E-04 16576   0.340E-02    0.146E-02
RMM:   3    -0.526667423965E+03    0.45760E-05   -0.94757E-06 13260   0.866E-03    0.687E-03
RMM:   4    -0.526667423026E+03    0.93929E-06   -0.37300E-06 10430   0.473E-03
   2 F= -.52666742E+03 E0= -.52666742E+03  d E =-.113366E-04  mag=     0.0000
 BRION: g(F)=  0.117E-03 g(S)=  0.880E-05 retain N=  1 mean eig= 0.27
 eig:   0.270
 bond charge predicted
       N       E                     dE             d eps       ncg     rms          rms(c)
DAV:   1    -0.526667440247E+03   -0.16281E-04   -0.21337E-03 17152   0.105E-01    0.116E-02
RMM:   2    -0.526667444925E+03   -0.46787E-05   -0.80199E-05 16576   0.191E-02    0.827E-03
RMM:   3    -0.526667443056E+03    0.18698E-05   -0.26905E-06 10267   0.472E-03
   3 F= -.52666744E+03 E0= -.52666744E+03  d E =-.200294E-04  mag=     0.0000
 BRION: g(F)=  0.182E-04 g(S)=  0.409E-05 retain N=  2 mean eig= 0.84
 eig:   0.844  0.844
 bond charge predicted
       N       E                     dE             d eps       ncg     rms          rms(c)
DAV:   1    -0.526667452252E+03   -0.73265E-05   -0.21825E-03 16848   0.110E-01    0.158E-02
RMM:   2    -0.526667454077E+03   -0.18255E-05   -0.63069E-05 16576   0.190E-02    0.760E-03
RMM:   3    -0.526667453105E+03    0.97226E-06   -0.26047E-06 10009   0.486E-03
   4 F= -.52666745E+03 E0= -.52666745E+03  d E =-.100494E-04  mag=     0.0000
 BRION: g(F)=  0.203E-04 g(S)=  0.526E-05 retain N=  3 mean eig= 0.96
 eig:   1.288  1.288  0.303
 bond charge predicted
       N       E                     dE             d eps       ncg     rms          rms(c)
DAV:   1    -0.526667467969E+03   -0.13892E-04   -0.55489E-03 16768   0.169E-01    0.200E-02
RMM:   2    -0.526667475230E+03   -0.72611E-05   -0.13674E-04 16576   0.268E-02    0.106E-02
RMM:   3    -0.526667473128E+03    0.21021E-05   -0.46507E-06 10867   0.660E-03    0.485E-03
RMM:   4    -0.526667472742E+03    0.38595E-06   -0.20469E-06  9977   0.377E-03
   5 F= -.52666747E+03 E0= -.52666747E+03  d E =-.196373E-04  mag=     0.0000
 BRION: g(F)=  0.137E-04 g(S)=  0.130E-05 retain N=  3 mean eig= 0.69
 eig:   0.547  0.766  0.766
 reached required accuracy - stopping structural energy minimisation
 writing wavefunctions
Application 3116465 resources: utime ~59176s, stime ~91s
